# On branch master
#
# Initial commit
#
nothing to commit (create/copy files and use "git add" to track)
# On branch master
#
# Initial commit
#
# Changes to be committed:
#   (use "git rm --cached <file>..." to unstage)
#
#	new file:   foo
#
# On branch master
nothing to commit (working directory clean)
