==> ListDrivers
PostgreSQL - Description=ODBC for PostgreSQL
MySQL - Description=ODBC for MySQL
==> ListDataSources
mysql_test - /usr/lib64/libmyodbc5.so
postgres_test - /usr/lib64/psqlodbc.so
==> Connect
==> Tables
==> Columns
==> ExecDirect
==> DROP TABLE IF EXISTS TournamentExport
==> CREATE TABLE TournamentExport (
	Entry_Sakey	integer NOT NULL,
	TRNumber	varchar(50) NOT NULL,
	FirstName	varchar(50) NOT NULL,
	LastName	varchar(50) NOT NULL,
	City		varchar(50) NULL,
	State		varchar(20) NULL,
	Country		varchar(50) NULL,
	DateOfBirth	timestamp NULL,
	Tournament_Sakey	integer NOT NULL,
	TournamentGame_Sakey	integer NOT NULL,
	TournamentGame_Date	timestamp NOT NULL,
	TournamentName	varchar(50) NOT NULL,
	MultiDayFlag	smallint NOT NULL,
	PitDesc		varchar(50) NULL,
	TableDesc	varchar(50) NULL,
	SeatID		integer NULL,
	EntryNumber	integer NOT NULL,
	VoidFlag	smallint NOT NULL,
	LastUpdated	timestamp NOT NULL
)
==> INSERT INTO TournamentExport VALUES(1, '0016701000000', 'Joe', 'Blow', 'Miami', 'FL', 'USA', '1979-03-15T00:00:00.000', 1, 1, '2012-02-01T00:00:00.000', 'Event #1', 0, 'Amazon Blue', '22', 3, 1, 0, '2012-02-29T10:05:00.000')
==> INSERT INTO TournamentExport VALUES(2, '0016701000001', 'John', 'Smith', 'Las Vegas', 'NV', 'USA', '1980-01-01T00:00:00.000', 2, 3, '2012-02-01T00:00:00.000', 'Event #2', 0, 'Amazon Orange', '133', 6, 1, 0, '2012-02-29T10:05:00.000')
==> INSERT INTO TournamentExport VALUES(3, '0016701000000', 'Joe', 'Blow', 'Miami', 'FL', 'USA', '1979-03-15T00:00:00.000', 2, 3, '2012-02-01T00:00:00.000', 'Event #2', 0, 'Amazon Orange', '133', 5, 2, 0, '2012-02-29T10:05:00.000')
==> INSERT INTO TournamentExport VALUES(4, '0016701000002', 'Jason', 'Brown', 'Las Vegas', 'NV', 'USA', '1970-01-01T00:00:00.000', 1, 1, '2012-02-01T00:00:00.000', 'Event #1', 0, 'Amazon Orange', '124', 1, 2, 1, '2012-02-29T10:05:00.000')
==> INSERT INTO TournamentExport VALUES(5, '0016701000002', 'Jason', 'Brown', 'Las Vegas', 'NV', 'USA', '1970-01-01T00:00:00.000', 1, 1, '2012-02-01T00:00:00.000', 'Event #1', 0, 'Amazon Blue', '22', 4, 3, 1, '2012-02-29T10:05:00.000')
==> INSERT INTO TournamentExport VALUES(6, '0016701000002', 'Jason', 'Brown', 'Las Vegas', 'NV', 'USA', '1970-01-01T00:00:00.000', 1, 1, '2012-02-01T00:00:00.000', 'Event #1', 0, 'Amazon Blue', '26', 6, 4, 0, '2012-02-29T10:05:00.000')
==> INSERT INTO TournamentExport VALUES(7, '0016701000002', 'Jason', 'Brown', 'Las Vegas', 'NV', 'USA', '1970-01-01T00:00:00.000', 3, 4, '2012-02-10T00:00:00.000', 'Event #3', 1, 'Amazon Orange', '134', 2, 1, 0, '2012-02-29T10:05:00.000')
==> INSERT INTO TournamentExport VALUES(8, '0016701000000', 'Joe', 'Blow', 'Miami', 'FL', 'USA', '1979-03-15T00:00:00.000', 3, 5, '2012-02-11T00:00:00.000', 'Event #3', 1, 'Amazon Orange', '134', 2, 1, 0, '2012-02-29T10:05:00.000')
==> SELECT * FROM TournamentExport
Row 1
           entry_sakey : 1
              trnumber : 0016701000000
             firstname : Joe
              lastname : Blow
                  city : Miami
                 state : FL
               country : USA
           dateofbirth : 1979-03-15 00:00:00
      tournament_sakey : 1
  tournamentgame_sakey : 1
   tournamentgame_date : 2012-02-01 00:00:00
        tournamentname : Event #1
          multidayflag : 0
               pitdesc : Amazon Blue
             tabledesc : 22
                seatid : 3
           entrynumber : 1
              voidflag : 0
           lastupdated : 2012-02-29 10:05:00
Row 2
           entry_sakey : 2
              trnumber : 0016701000001
             firstname : John
              lastname : Smith
                  city : Las Vegas
                 state : NV
               country : USA
           dateofbirth : 1980-01-01 00:00:00
      tournament_sakey : 2
  tournamentgame_sakey : 3
   tournamentgame_date : 2012-02-01 00:00:00
        tournamentname : Event #2
          multidayflag : 0
               pitdesc : Amazon Orange
             tabledesc : 133
                seatid : 6
           entrynumber : 1
              voidflag : 0
           lastupdated : 2012-02-29 10:05:00
Row 3
           entry_sakey : 3
              trnumber : 0016701000000
             firstname : Joe
              lastname : Blow
                  city : Miami
                 state : FL
               country : USA
           dateofbirth : 1979-03-15 00:00:00
      tournament_sakey : 2
  tournamentgame_sakey : 3
   tournamentgame_date : 2012-02-01 00:00:00
        tournamentname : Event #2
          multidayflag : 0
               pitdesc : Amazon Orange
             tabledesc : 133
                seatid : 5
           entrynumber : 2
              voidflag : 0
           lastupdated : 2012-02-29 10:05:00
Row 4
           entry_sakey : 4
              trnumber : 0016701000002
             firstname : Jason
              lastname : Brown
                  city : Las Vegas
                 state : NV
               country : USA
           dateofbirth : 1970-01-01 00:00:00
      tournament_sakey : 1
  tournamentgame_sakey : 1
   tournamentgame_date : 2012-02-01 00:00:00
        tournamentname : Event #1
          multidayflag : 0
               pitdesc : Amazon Orange
             tabledesc : 124
                seatid : 1
           entrynumber : 2
              voidflag : 1
           lastupdated : 2012-02-29 10:05:00
Row 5
           entry_sakey : 5
              trnumber : 0016701000002
             firstname : Jason
              lastname : Brown
                  city : Las Vegas
                 state : NV
               country : USA
           dateofbirth : 1970-01-01 00:00:00
      tournament_sakey : 1
  tournamentgame_sakey : 1
   tournamentgame_date : 2012-02-01 00:00:00
        tournamentname : Event #1
          multidayflag : 0
               pitdesc : Amazon Blue
             tabledesc : 22
                seatid : 4
           entrynumber : 3
              voidflag : 1
           lastupdated : 2012-02-29 10:05:00
Row 6
           entry_sakey : 6
              trnumber : 0016701000002
             firstname : Jason
              lastname : Brown
                  city : Las Vegas
                 state : NV
               country : USA
           dateofbirth : 1970-01-01 00:00:00
      tournament_sakey : 1
  tournamentgame_sakey : 1
   tournamentgame_date : 2012-02-01 00:00:00
        tournamentname : Event #1
          multidayflag : 0
               pitdesc : Amazon Blue
             tabledesc : 26
                seatid : 6
           entrynumber : 4
              voidflag : 0
           lastupdated : 2012-02-29 10:05:00
Row 7
           entry_sakey : 7
              trnumber : 0016701000002
             firstname : Jason
              lastname : Brown
                  city : Las Vegas
                 state : NV
               country : USA
           dateofbirth : 1970-01-01 00:00:00
      tournament_sakey : 3
  tournamentgame_sakey : 4
   tournamentgame_date : 2012-02-10 00:00:00
        tournamentname : Event #3
          multidayflag : 1
               pitdesc : Amazon Orange
             tabledesc : 134
                seatid : 2
           entrynumber : 1
              voidflag : 0
           lastupdated : 2012-02-29 10:05:00
Row 8
           entry_sakey : 8
              trnumber : 0016701000000
             firstname : Joe
              lastname : Blow
                  city : Miami
                 state : FL
               country : USA
           dateofbirth : 1979-03-15 00:00:00
      tournament_sakey : 3
  tournamentgame_sakey : 5
   tournamentgame_date : 2012-02-11 00:00:00
        tournamentname : Event #3
          multidayflag : 1
               pitdesc : Amazon Orange
             tabledesc : 134
                seatid : 2
           entrynumber : 1
              voidflag : 0
           lastupdated : 2012-02-29 10:05:00
==> DROP TABLE TournamentExport
<== Disconnect
==> ListDrivers
PostgreSQL - Description=ODBC for PostgreSQL
MySQL - Description=ODBC for MySQL
==> ListDataSources
mysql_test - /usr/lib64/libmyodbc5.so
postgres_test - /usr/lib64/psqlodbc.so
==> Connect
==> Tables
==> Columns
==> ExecDirect
==> DROP TABLE IF EXISTS TournamentExport
==> CREATE TABLE TournamentExport (
	Entry_Sakey	integer NOT NULL,
	TRNumber	varchar(50) NOT NULL,
	FirstName	varchar(50) NOT NULL,
	LastName	varchar(50) NOT NULL,
	City		varchar(50) NULL,
	State		varchar(20) NULL,
	Country		varchar(50) NULL,
	DateOfBirth	timestamp NULL,
	Tournament_Sakey	integer NOT NULL,
	TournamentGame_Sakey	integer NOT NULL,
	TournamentGame_Date	timestamp NOT NULL,
	TournamentName	varchar(50) NOT NULL,
	MultiDayFlag	smallint NOT NULL,
	PitDesc		varchar(50) NULL,
	TableDesc	varchar(50) NULL,
	SeatID		integer NULL,
	EntryNumber	integer NOT NULL,
	VoidFlag	smallint NOT NULL,
	LastUpdated	timestamp NOT NULL
)
==> INSERT INTO TournamentExport VALUES(1, '0016701000000', 'Joe', 'Blow', 'Miami', 'FL', 'USA', '1979-03-15T00:00:00.000', 1, 1, '2012-02-01T00:00:00.000', 'Event #1', 0, 'Amazon Blue', '22', 3, 1, 0, '2012-02-29T10:05:00.000')
==> INSERT INTO TournamentExport VALUES(2, '0016701000001', 'John', 'Smith', 'Las Vegas', 'NV', 'USA', '1980-01-01T00:00:00.000', 2, 3, '2012-02-01T00:00:00.000', 'Event #2', 0, 'Amazon Orange', '133', 6, 1, 0, '2012-02-29T10:05:00.000')
==> INSERT INTO TournamentExport VALUES(3, '0016701000000', 'Joe', 'Blow', 'Miami', 'FL', 'USA', '1979-03-15T00:00:00.000', 2, 3, '2012-02-01T00:00:00.000', 'Event #2', 0, 'Amazon Orange', '133', 5, 2, 0, '2012-02-29T10:05:00.000')
==> INSERT INTO TournamentExport VALUES(4, '0016701000002', 'Jason', 'Brown', 'Las Vegas', 'NV', 'USA', '1970-01-01T00:00:00.000', 1, 1, '2012-02-01T00:00:00.000', 'Event #1', 0, 'Amazon Orange', '124', 1, 2, 1, '2012-02-29T10:05:00.000')
==> INSERT INTO TournamentExport VALUES(5, '0016701000002', 'Jason', 'Brown', 'Las Vegas', 'NV', 'USA', '1970-01-01T00:00:00.000', 1, 1, '2012-02-01T00:00:00.000', 'Event #1', 0, 'Amazon Blue', '22', 4, 3, 1, '2012-02-29T10:05:00.000')
==> INSERT INTO TournamentExport VALUES(6, '0016701000002', 'Jason', 'Brown', 'Las Vegas', 'NV', 'USA', '1970-01-01T00:00:00.000', 1, 1, '2012-02-01T00:00:00.000', 'Event #1', 0, 'Amazon Blue', '26', 6, 4, 0, '2012-02-29T10:05:00.000')
==> INSERT INTO TournamentExport VALUES(7, '0016701000002', 'Jason', 'Brown', 'Las Vegas', 'NV', 'USA', '1970-01-01T00:00:00.000', 3, 4, '2012-02-10T00:00:00.000', 'Event #3', 1, 'Amazon Orange', '134', 2, 1, 0, '2012-02-29T10:05:00.000')
==> INSERT INTO TournamentExport VALUES(8, '0016701000000', 'Joe', 'Blow', 'Miami', 'FL', 'USA', '1979-03-15T00:00:00.000', 3, 5, '2012-02-11T00:00:00.000', 'Event #3', 1, 'Amazon Orange', '134', 2, 1, 0, '2012-02-29T10:05:00.000')
==> SELECT * FROM TournamentExport
Row 1
           entry_sakey : 1
              trnumber : 0016701000000
             firstname : Joe
              lastname : Blow
                  city : Miami
                 state : FL
               country : USA
           dateofbirth : 1979-03-15 00:00:00
      tournament_sakey : 1
  tournamentgame_sakey : 1
   tournamentgame_date : 2012-02-01 00:00:00
        tournamentname : Event #1
          multidayflag : 0
               pitdesc : Amazon Blue
             tabledesc : 22
                seatid : 3
           entrynumber : 1
              voidflag : 0
           lastupdated : 2012-02-29 10:05:00
Row 2
           entry_sakey : 2
              trnumber : 0016701000001
             firstname : John
              lastname : Smith
                  city : Las Vegas
                 state : NV
               country : USA
           dateofbirth : 1980-01-01 00:00:00
      tournament_sakey : 2
  tournamentgame_sakey : 3
   tournamentgame_date : 2012-02-01 00:00:00
        tournamentname : Event #2
          multidayflag : 0
               pitdesc : Amazon Orange
             tabledesc : 133
                seatid : 6
           entrynumber : 1
              voidflag : 0
           lastupdated : 2012-02-29 10:05:00
Row 3
           entry_sakey : 3
              trnumber : 0016701000000
             firstname : Joe
              lastname : Blow
                  city : Miami
                 state : FL
               country : USA
           dateofbirth : 1979-03-15 00:00:00
      tournament_sakey : 2
  tournamentgame_sakey : 3
   tournamentgame_date : 2012-02-01 00:00:00
        tournamentname : Event #2
          multidayflag : 0
               pitdesc : Amazon Orange
             tabledesc : 133
                seatid : 5
           entrynumber : 2
              voidflag : 0
           lastupdated : 2012-02-29 10:05:00
Row 4
           entry_sakey : 4
              trnumber : 0016701000002
             firstname : Jason
              lastname : Brown
                  city : Las Vegas
                 state : NV
               country : USA
           dateofbirth : 1970-01-01 00:00:00
      tournament_sakey : 1
  tournamentgame_sakey : 1
   tournamentgame_date : 2012-02-01 00:00:00
        tournamentname : Event #1
          multidayflag : 0
               pitdesc : Amazon Orange
             tabledesc : 124
                seatid : 1
           entrynumber : 2
              voidflag : 1
           lastupdated : 2012-02-29 10:05:00
Row 5
           entry_sakey : 5
              trnumber : 0016701000002
             firstname : Jason
              lastname : Brown
                  city : Las Vegas
                 state : NV
               country : USA
           dateofbirth : 1970-01-01 00:00:00
      tournament_sakey : 1
  tournamentgame_sakey : 1
   tournamentgame_date : 2012-02-01 00:00:00
        tournamentname : Event #1
          multidayflag : 0
               pitdesc : Amazon Blue
             tabledesc : 22
                seatid : 4
           entrynumber : 3
              voidflag : 1
           lastupdated : 2012-02-29 10:05:00
Row 6
           entry_sakey : 6
              trnumber : 0016701000002
             firstname : Jason
              lastname : Brown
                  city : Las Vegas
                 state : NV
               country : USA
           dateofbirth : 1970-01-01 00:00:00
      tournament_sakey : 1
  tournamentgame_sakey : 1
   tournamentgame_date : 2012-02-01 00:00:00
        tournamentname : Event #1
          multidayflag : 0
               pitdesc : Amazon Blue
             tabledesc : 26
                seatid : 6
           entrynumber : 4
              voidflag : 0
           lastupdated : 2012-02-29 10:05:00
Row 7
           entry_sakey : 7
              trnumber : 0016701000002
             firstname : Jason
              lastname : Brown
                  city : Las Vegas
                 state : NV
               country : USA
           dateofbirth : 1970-01-01 00:00:00
      tournament_sakey : 3
  tournamentgame_sakey : 4
   tournamentgame_date : 2012-02-10 00:00:00
        tournamentname : Event #3
          multidayflag : 1
               pitdesc : Amazon Orange
             tabledesc : 134
                seatid : 2
           entrynumber : 1
              voidflag : 0
           lastupdated : 2012-02-29 10:05:00
Row 8
           entry_sakey : 8
              trnumber : 0016701000000
             firstname : Joe
              lastname : Blow
                  city : Miami
                 state : FL
               country : USA
           dateofbirth : 1979-03-15 00:00:00
      tournament_sakey : 3
  tournamentgame_sakey : 5
   tournamentgame_date : 2012-02-11 00:00:00
        tournamentname : Event #3
          multidayflag : 1
               pitdesc : Amazon Orange
             tabledesc : 134
                seatid : 2
           entrynumber : 1
              voidflag : 0
           lastupdated : 2012-02-29 10:05:00
==> DROP TABLE TournamentExport
<== Disconnect
